
[1m[46m RUN [49m[22m [36mv4.0.18 [39m[90mC:/Users/omrpp/Documents/FlujoOsint[39m

 [32mÔ£ô[39m src/lib/utils.test.js[2m > [22mdetectInputType[2m > [22mshould detect an email[32m 1[2mms[22m[39m
 [32mÔ£ô[39m src/lib/utils.test.js[2m > [22mdetectInputType[2m > [22mshould detect an IPv4 address[32m 0[2mms[22m[39m
 [31m├ù[39m src/lib/utils.test.js[2m > [22mdetectInputType[2m > [22mshould detect a domain[32m 5[2mms[22m[39m
[31m   ÔåÆ expected 'username' to be 'ip_domain' // Object.is equality[39m
 [32mÔ£ô[39m src/lib/utils.test.js[2m > [22mdetectInputType[2m > [22mshould detect a phone number[32m 0[2mms[22m[39m
 [32mÔ£ô[39m src/lib/utils.test.js[2m > [22mdetectInputType[2m > [22mshould fallback to username for other strings[32m 0[2mms[22m[39m

[2m Test Files [22m [1m[31m1 failed[39m[22m[90m (1)[39m
[2m      Tests [22m [1m[31m1 failed[39m[22m[2m | [22m[1m[32m4 passed[39m[22m[90m (5)[39m
[2m   Start at [22m 13:21:33
[2m   Duration [22m 338ms[2m (transform 22ms, setup 0ms, import 39ms, tests 8ms, environment 0ms)[22m

